[    0.000000] Linux version 5.15.71-rt51-intel-pk-preempt-rt (oe-user@oe-host) (x86_64-aldebaran-linux-gcc (GCC) 12.2.0, GNU ld (GNU Binutils) 2.39.0.20220819) #1 SMP PREEMPT_RT Tue Nov 1 04:12:40 UTC 2022
[    0.000000] Command line: root=PARTUUID=42424242-1120-1120-1120-424242424242 init=/sbin/init console=ttyS0,115200n8 rootwait naoqi.minimum_version=2.8.0.0 naoqi.dfu_version=9 
[    0.000000] x86/fpu: x87 FPU will use FXSAVE
[    0.000000] signal: max sigframe size: 1440
[    0.000000] BIOS-provided physical RAM map:
[    0.000000] BIOS-e820: [mem 0x0000000000000000-0x000000000003efff] usable
[    0.000000] BIOS-e820: [mem 0x000000000003f000-0x000000000003ffff] ACPI NVS
[    0.000000] BIOS-e820: [mem 0x0000000000040000-0x000000000009dfff] usable
[    0.000000] BIOS-e820: [mem 0x000000000009e000-0x000000000009ffff] reserved
[    0.000000] BIOS-e820: [mem 0x0000000000100000-0x0000000079346fff] usable
[    0.000000] BIOS-e820: [mem 0x0000000079347000-0x0000000079376fff] reserved
[    0.000000] BIOS-e820: [mem 0x0000000079377000-0x0000000079386fff] ACPI data
[    0.000000] BIOS-e820: [mem 0x0000000079387000-0x00000000798abfff] ACPI NVS
[    0.000000] BIOS-e820: [mem 0x00000000798ac000-0x0000000079babfff] reserved
[    0.000000] BIOS-e820: [mem 0x0000000079bac000-0x0000000079bacfff] usable
[    0.000000] BIOS-e820: [mem 0x0000000079bad000-0x0000000079beefff] reserved
[    0.000000] BIOS-e820: [mem 0x0000000079bef000-0x0000000079d65fff] usable
[    0.000000] BIOS-e820: [mem 0x0000000079d66000-0x0000000079ff9fff] reserved
[    0.000000] BIOS-e820: [mem 0x0000000079ffa000-0x0000000079ffffff] usable
[    0.000000] BIOS-e820: [mem 0x00000000e0000000-0x00000000efffffff] reserved
[    0.000000] BIOS-e820: [mem 0x00000000fec00000-0x00000000fec00fff] reserved
[    0.000000] BIOS-e820: [mem 0x00000000fed01000-0x00000000fed01fff] reserved
[    0.000000] BIOS-e820: [mem 0x00000000fed03000-0x00000000fed03fff] reserved
[    0.000000] BIOS-e820: [mem 0x00000000fed08000-0x00000000fed08fff] reserved
[    0.000000] BIOS-e820: [mem 0x00000000fed0c000-0x00000000fed0ffff] reserved
[    0.000000] BIOS-e820: [mem 0x00000000fed1c000-0x00000000fed1cfff] reserved
[    0.000000] BIOS-e820: [mem 0x00000000fee00000-0x00000000fee00fff] reserved
[    0.000000] BIOS-e820: [mem 0x00000000fef00000-0x00000000feffffff] reserved
[    0.000000] BIOS-e820: [mem 0x00000000ffb00000-0x00000000ffffffff] reserved
[    0.000000] BIOS-e820: [mem 0x0000000100000000-0x000000017fffffff] usable
[    0.000000] NX (Execute Disable) protection: active
[    0.000000] e820: update [mem 0x763dc018-0x763ec057] usable ==> usable
[    0.000000] e820: update [mem 0x763dc018-0x763ec057] usable ==> usable
[    0.000000] e820: update [mem 0x763cb018-0x763db657] usable ==> usable
[    0.000000] e820: update [mem 0x763cb018-0x763db657] usable ==> usable
[    0.000000] extended physical RAM map:
[    0.000000] reserve setup_data: [mem 0x0000000000000000-0x000000000003efff] usable
[    0.000000] reserve setup_data: [mem 0x000000000003f000-0x000000000003ffff] ACPI NVS
[    0.000000] reserve setup_data: [mem 0x0000000000040000-0x000000000009dfff] usable
[    0.000000] reserve setup_data: [mem 0x000000000009e000-0x000000000009ffff] reserved
[    0.000000] reserve setup_data: [mem 0x0000000000100000-0x00000000763cb017] usable
[    0.000000] reserve setup_data: [mem 0x00000000763cb018-0x00000000763db657] usable
[    0.000000] reserve setup_data: [mem 0x00000000763db658-0x00000000763dc017] usable
[    0.000000] reserve setup_data: [mem 0x00000000763dc018-0x00000000763ec057] usable
[    0.000000] reserve setup_data: [mem 0x00000000763ec058-0x0000000079346fff] usable
[    0.000000] reserve setup_data: [mem 0x0000000079347000-0x0000000079376fff] reserved
[    0.000000] reserve setup_data: [mem 0x0000000079377000-0x0000000079386fff] ACPI data
[    0.000000] reserve setup_data: [mem 0x0000000079387000-0x00000000798abfff] ACPI NVS
[    0.000000] reserve setup_data: [mem 0x00000000798ac000-0x0000000079babfff] reserved
[    0.000000] reserve setup_data: [mem 0x0000000079bac000-0x0000000079bacfff] usable
[    0.000000] reserve setup_data: [mem 0x0000000079bad000-0x0000000079beefff] reserved
[    0.000000] reserve setup_data: [mem 0x0000000079bef000-0x0000000079d65fff] usable
[    0.000000] reserve setup_data: [mem 0x0000000079d66000-0x0000000079ff9fff] reserved
[    0.000000] reserve setup_data: [mem 0x0000000079ffa000-0x0000000079ffffff] usable
[    0.000000] reserve setup_data: [mem 0x00000000e0000000-0x00000000efffffff] reserved
[    0.000000] reserve setup_data: [mem 0x00000000fec00000-0x00000000fec00fff] reserved
[    0.000000] reserve setup_data: [mem 0x00000000fed01000-0x00000000fed01fff] reserved
[    0.000000] reserve setup_data: [mem 0x00000000fed03000-0x00000000fed03fff] reserved
[    0.000000] reserve setup_data: [mem 0x00000000fed08000-0x00000000fed08fff] reserved
[    0.000000] reserve setup_data: [mem 0x00000000fed0c000-0x00000000fed0ffff] reserved
[    0.000000] reserve setup_data: [mem 0x00000000fed1c000-0x00000000fed1cfff] reserved
[    0.000000] reserve setup_data: [mem 0x00000000fee00000-0x00000000fee00fff] reserved
[    0.000000] reserve setup_data: [mem 0x00000000fef00000-0x00000000feffffff] reserved
[    0.000000] reserve setup_data: [mem 0x00000000ffb00000-0x00000000ffffffff] reserved
[    0.000000] reserve setup_data: [mem 0x0000000100000000-0x000000017fffffff] usable
[    0.000000] efi: EFI v2.40 by American Megatrends
[    0.000000] efi: ESRT=0x79b57318 ACPI=0x7937c000 ACPI 2.0=0x7937c000 SMBIOS=0x79a7fe18 
[    0.000000] SMBIOS 2.8 present.
[    0.000000] DMI: To be filled by O.E.M. To be filled by O.E.M./conga-QA3, BIOS QA32R126 01/13/2017
[    0.000000] tsc: Detected 1916.667 MHz processor
[    0.000021] e820: update [mem 0x00000000-0x00000fff] usable ==> reserved
[    0.000027] e820: remove [mem 0x000a0000-0x000fffff] usable
[    0.000049] last_pfn = 0x180000 max_arch_pfn = 0x400000000
[    0.000102] x86/PAT: Configuration [0-7]: WB  WC  UC- UC  WB  WP  UC- WT  
[    0.000293] e820: update [mem 0x7a800000-0xffffffff] usable ==> reserved
[    0.000304] last_pfn = 0x7a000 max_arch_pfn = 0x400000000
[    0.008759] Secure boot disabled
[    0.008765] ACPI: Early table checksum verification disabled
[    0.008771] ACPI: RSDP 0x000000007937C000 000024 (v02 ALASKA)
[    0.008780] ACPI: XSDT 0x000000007937C088 00008C (v01 ALASKA A M I    01072009 AMI  00010013)
[    0.008792] ACPI: FACP 0x0000000079385728 00010C (v05 ALASKA A M I    01072009 AMI  00010013)
[    0.008802] ACPI BIOS Warning (bug): 32/64X length mismatch in FADT/Gpe0Block: 128/32 (20210730/tbfadt-564)
[    0.008811] ACPI: DSDT 0x000000007937C1A0 009583 (v02 ALASKA A M I    01072009 INTL 20120913)
[    0.008819] ACPI: FACS 0x00000000798ABF80 000040
[    0.008826] ACPI: APIC 0x0000000079385838 000084 (v03 ALASKA A M I    01072009 AMI  00010013)
[    0.008834] ACPI: FPDT 0x00000000793858C0 000044 (v01 ALASKA A M I    01072009 AMI  00010013)
[    0.008842] ACPI: FIDT 0x0000000079385908 00009C (v01 ALASKA A M I    01072009 AMI  00010013)
[    0.008850] ACPI: TCPA 0x00000000793859A8 000032 (v02 ALASKA NAPAASF  00000001 MSFT 01000013)
[    0.008858] ACPI: LPIT 0x00000000793859E0 000104 (v01 ALASKA A M I    00000003 VLV2 0100000D)
[    0.008866] ACPI: MCFG 0x0000000079385AE8 00003C (v01 ALASKA A M I    01072009 MSFT 00000097)
[    0.008874] ACPI: HPET 0x0000000079385B28 000038 (v01 ALASKA A M I    01072009 AMI. 00000005)
[    0.008882] ACPI: SSDT 0x0000000079385B60 000763 (v01 PmRef  CpuPm    00003000 INTL 20061109)
[    0.008890] ACPI: SSDT 0x00000000793862C8 000290 (v01 PmRef  Cpu0Tst  00003000 INTL 20061109)
[    0.008898] ACPI: SSDT 0x0000000079386558 00017A (v01 PmRef  ApTst    00003000 INTL 20061109)
[    0.008906] ACPI: UEFI 0x00000000793866D8 000042 (v01 ALASKA A M I    00000000      00000000)
[    0.008915] ACPI: BGRT 0x0000000079386720 000038 (v01 ALASKA A M I    01072009 AMI  00010013)
[    0.008921] ACPI: Reserving FACP table memory at [mem 0x79385728-0x79385833]
[    0.008925] ACPI: Reserving DSDT table memory at [mem 0x7937c1a0-0x79385722]
[    0.008928] ACPI: Reserving FACS table memory at [mem 0x798abf80-0x798abfbf]
[    0.008930] ACPI: Reserving APIC table memory at [mem 0x79385838-0x793858bb]
[    0.008933] ACPI: Reserving FPDT table memory at [mem 0x793858c0-0x79385903]
[    0.008935] ACPI: Reserving FIDT table memory at [mem 0x79385908-0x793859a3]
[    0.008938] ACPI: Reserving TCPA table memory at [mem 0x793859a8-0x793859d9]
[    0.008941] ACPI: Reserving LPIT table memory at [mem 0x793859e0-0x79385ae3]
[    0.008943] ACPI: Reserving MCFG table memory at [mem 0x79385ae8-0x79385b23]
[    0.008946] ACPI: Reserving HPET table memory at [mem 0x79385b28-0x79385b5f]
[    0.008949] ACPI: Reserving SSDT table memory at [mem 0x79385b60-0x793862c2]
[    0.008951] ACPI: Reserving SSDT table memory at [mem 0x793862c8-0x79386557]
[    0.008954] ACPI: Reserving SSDT table memory at [mem 0x79386558-0x793866d1]
[    0.008957] ACPI: Reserving UEFI table memory at [mem 0x793866d8-0x79386719]
[    0.008959] ACPI: Reserving BGRT table memory at [mem 0x79386720-0x79386757]
[    0.009023] Zone ranges:
[    0.009025]   DMA      [mem 0x0000000000001000-0x0000000000ffffff]
[    0.009029]   DMA32    [mem 0x0000000001000000-0x00000000ffffffff]
[    0.009033]   Normal   [mem 0x0000000100000000-0x000000017fffffff]
[    0.009036] Movable zone start for each node
[    0.009037] Early memory node ranges
[    0.009038]   node   0: [mem 0x0000000000001000-0x000000000003efff]
[    0.009041]   node   0: [mem 0x0000000000040000-0x000000000009dfff]
[    0.009044]   node   0: [mem 0x0000000000100000-0x0000000079346fff]
[    0.009047]   node   0: [mem 0x0000000079bac000-0x0000000079bacfff]
[    0.009050]   node   0: [mem 0x0000000079bef000-0x0000000079d65fff]
[    0.009052]   node   0: [mem 0x0000000079ffa000-0x0000000079ffffff]
[    0.009054]   node   0: [mem 0x0000000100000000-0x000000017fffffff]
[    0.009058] Initmem setup node 0 [mem 0x0000000000001000-0x000000017fffffff]
[    0.009068] On node 0, zone DMA: 1 pages in unavailable ranges
[    0.009072] On node 0, zone DMA: 1 pages in unavailable ranges
[    0.009142] On node 0, zone DMA: 98 pages in unavailable ranges
[    0.018362] On node 0, zone DMA32: 2149 pages in unavailable ranges
[    0.018376] On node 0, zone DMA32: 66 pages in unavailable ranges
[    0.018398] On node 0, zone DMA32: 660 pages in unavailable ranges
[    0.028933] On node 0, zone Normal: 24576 pages in unavailable ranges
[    0.028941] x86/hpet: Will disable the HPET for this platform because it's not reliable
[    0.028948] Reserving Intel graphics memory at [mem 0x7b000000-0x7effffff]
[    0.029117] ACPI: PM-Timer IO Port: 0x408
[    0.029131] ACPI: LAPIC_NMI (acpi_id[0x01] high edge lint[0x1])
[    0.029136] ACPI: LAPIC_NMI (acpi_id[0x02] high edge lint[0x1])
[    0.029138] ACPI: LAPIC_NMI (acpi_id[0x03] high edge lint[0x1])
[    0.029141] ACPI: LAPIC_NMI (acpi_id[0x04] high edge lint[0x1])
[    0.029154] IOAPIC[0]: apic_id 1, version 32, address 0xfec00000, GSI 0-86
[    0.029161] ACPI: INT_SRC_OVR (bus 0 bus_irq 0 global_irq 2 dfl dfl)
[    0.029165] ACPI: INT_SRC_OVR (bus 0 bus_irq 9 global_irq 9 high level)
[    0.029174] ACPI: Using ACPI (MADT) for SMP configuration information
[    0.029176] ACPI: HPET id: 0x8086a201 base: 0xfed00000
[    0.029187] TSC deadline timer available
[    0.029189] smpboot: Allowing 4 CPUs, 0 hotplug CPUs
[    0.029259] [mem 0x7f000000-0xdfffffff] available for PCI devices
[    0.029266] clocksource: refined-jiffies: mask: 0xffffffff max_cycles: 0xffffffff, max_idle_ns: 1910969940391419 ns
[    0.029280] setup_percpu: NR_CPUS:64 nr_cpumask_bits:64 nr_cpu_ids:4 nr_node_ids:1
[    0.030082] percpu: Embedded 53 pages/cpu s176304 r8192 d32592 u524288
[    0.030100] pcpu-alloc: s176304 r8192 d32592 u524288 alloc=1*2097152
[    0.030107] pcpu-alloc: [0] 0 1 2 3 
[    0.030158] Built 1 zonelists, mobility grouping on.  Total pages: 1004913
[    0.030166] Kernel command line: root=PARTUUID=42424242-1120-1120-1120-424242424242 init=/sbin/init console=ttyS0,115200n8 rootwait naoqi.minimum_version=2.8.0.0 naoqi.dfu_version=9 
[    0.031380] Dentry cache hash table entries: 524288 (order: 10, 4194304 bytes, linear)
[    0.031967] Inode-cache hash table entries: 262144 (order: 9, 2097152 bytes, linear)
[    0.032039] mem auto-init: stack:all(zero), heap alloc:off, heap free:off
[    0.096973] Memory: 3913400K/4084100K available (16395K kernel code, 2142K rwdata, 4796K rodata, 1884K init, 1960K bss, 170440K reserved, 0K cma-reserved)
[    0.097151] SLUB: HWalign=64, Order=0-3, MinObjects=0, CPUs=4, Nodes=1
[    0.097181] Kernel/User page tables isolation: enabled
[    0.097225] ftrace: allocating 44868 entries in 176 pages
[    0.132628] ftrace: allocated 176 pages with 3 groups
[    0.132828] rcu: Preemptible hierarchical RCU implementation.
[    0.132831] rcu: 	RCU event tracing is enabled.
[    0.132832] rcu: 	RCU restricting CPUs from NR_CPUS=64 to nr_cpu_ids=4.
[    0.132835] rcu: 	RCU priority boosting: priority 1 delay 500 ms.
[    0.132837] rcu: 	RCU_SOFTIRQ processing moved to rcuc kthreads.
[    0.132839] 	No expedited grace period (rcu_normal_after_boot).
[    0.132840] 	Trampoline variant of Tasks RCU enabled.
[    0.132841] 	Rude variant of Tasks RCU enabled.
[    0.132842] rcu: RCU calculated value of scheduler-enlistment delay is 100 jiffies.
[    0.132844] rcu: Adjusting geometry for rcu_fanout_leaf=16, nr_cpu_ids=4
[    0.147195] NR_IRQS: 4352, nr_irqs: 1024, preallocated irqs: 16
[    0.147615] random: crng init done
[    0.147684] Console: colour dummy device 80x25
[    0.147706] printk: console [ttyS0] enabled
[    0.147724] ACPI: Core revision 20210730
[    0.147909] APIC: Switch to symmetric I/O mode setup
[    0.148452] clocksource: tsc-early: mask: 0xffffffffffffffff max_cycles: 0x3741594d34d, max_idle_ns: 881590420564 ns
[    0.148461] Calibrating delay loop (skipped), value calculated using timer frequency.. 3833.33 BogoMIPS (lpj=1916667)
[    0.148467] pid_max: default: 32768 minimum: 301
[    0.148516] LSM: Security Framework initializing
[    0.148600] Mount-cache hash table entries: 8192 (order: 4, 65536 bytes, linear)
[    0.148626] Mountpoint-cache hash table entries: 8192 (order: 4, 65536 bytes, linear)
[    0.149174] CPU0: Thermal monitoring enabled (TM1)
[    0.149209] process: using mwait in idle threads
[    0.149213] Last level iTLB entries: 4KB 48, 2MB 0, 4MB 0
[    0.149217] Last level dTLB entries: 4KB 128, 2MB 16, 4MB 16, 1GB 0
[    0.149221] Spectre V1 : Mitigation: usercopy/swapgs barriers and __user pointer sanitization
[    0.149226] Spectre V2 : Mitigation: Retpolines
[    0.149228] Spectre V2 : Spectre v2 / SpectreRSB mitigation: Filling RSB on context switch
[    0.149229] Spectre V2 : Spectre v2 / SpectreRSB : Filling RSB on VMEXIT
[    0.149231] MDS: Vulnerable: Clear CPU buffers attempted, no microcode
[    0.149233] MMIO Stale Data: Unknown: No mitigations
[    0.149460] Freeing SMP alternatives memory: 44K
[    0.149460] smpboot: Estimated ratio of average max frequency by base frequency (times 1024): 1024
[    0.149460] smpboot: CPU0: Intel(R) Atom(TM) CPU  E3845  @ 1.91GHz (family: 0x6, model: 0x37, stepping: 0x9)
[    0.149460] Performance Events: PEBS fmt2+, 8-deep LBR, Silvermont events, 8-deep LBR, full-width counters, Intel PMU driver.
[    0.149460] ... version:                3
[    0.149460] ... bit width:              40
[    0.149460] ... generic registers:      2
[    0.149460] ... value mask:             000000ffffffffff
[    0.149460] ... max period:             0000007fffffffff
[    0.149460] ... fixed-purpose events:   3
[    0.149460] ... event mask:             0000000700000003
[    0.149460] rcu: Hierarchical SRCU implementation.
[    0.150396] smp: Bringing up secondary CPUs ...
[    0.150914] x86: Booting SMP configuration:
[    0.150916] .... node  #0, CPUs:      #1 #2 #3
[    0.152532] smp: Brought up 1 node, 4 CPUs
[    0.152532] smpboot: Max logical packages: 1
[    0.152532] smpboot: Total of 4 processors activated (15333.33 BogoMIPS)
[    0.153563] devtmpfs: initialized
[    0.154050] ACPI: PM: Registering ACPI NVS region [mem 0x0003f000-0x0003ffff] (4096 bytes)
[    0.154050] ACPI: PM: Registering ACPI NVS region [mem 0x79387000-0x798abfff] (5394432 bytes)
[    0.154987] clocksource: jiffies: mask: 0xffffffff max_cycles: 0xffffffff, max_idle_ns: 1911260446275000 ns
[    0.154998] futex hash table entries: 1024 (order: 4, 65536 bytes, linear)
[    0.155135] pinctrl core: initialized pinctrl subsystem
[    0.155498] NET: Registered PF_NETLINK/PF_ROUTE protocol family
[    0.156148] thermal_sys: Registered thermal governor 'step_wise'
[    0.156152] thermal_sys: Registered thermal governor 'user_space'
[    0.156198] cpuidle: using governor menu
[    0.156198] ACPI FADT declares the system doesn't support PCIe ASPM, so disable it
[    0.156198] ACPI: bus type PCI registered
[    0.156198] dca service started, version 1.12.1
[    0.156198] PCI: MMCONFIG for domain 0000 [bus 00-ff] at [mem 0xe0000000-0xefffffff] (base 0xe0000000)
[    0.156198] PCI: MMCONFIG at [mem 0xe0000000-0xefffffff] reserved in E820
[    0.156198] PCI: Using configuration type 1 for base access
[    0.156527] ENERGY_PERF_BIAS: Set to 'normal', was 'performance'
[    0.165543] Kprobes globally optimized
[    0.165556] HugeTLB registered 2.00 MiB page size, pre-allocated 0 pages
[    0.166510] cryptd: max_cpu_qlen set to 1000
[    0.185472] raid6: sse2x4   gen()  4620 MB/s
[    0.202480] raid6: sse2x4   xor()  1194 MB/s
[    0.219476] raid6: sse2x2   gen()  4564 MB/s
[    0.236487] raid6: sse2x2   xor()  2542 MB/s
[    0.253475] raid6: sse2x1   gen()  3399 MB/s
[    0.270479] raid6: sse2x1   xor()  1842 MB/s
[    0.270483] raid6: using algorithm sse2x4 gen() 4620 MB/s
[    0.270485] raid6: .... xor() 1194 MB/s, rmw enabled
[    0.270487] raid6: using ssse3x2 recovery algorithm
[    0.270730] ACPI: Added _OSI(Module Device)
[    0.270733] ACPI: Added _OSI(Processor Device)
[    0.270736] ACPI: Added _OSI(3.0 _SCP Extensions)
[    0.270738] ACPI: Added _OSI(Processor Aggregator Device)
[    0.270742] ACPI: Added _OSI(Linux-Dell-Video)
[    0.270745] ACPI: Added _OSI(Linux-Lenovo-NV-HDMI-Audio)
[    0.270749] ACPI: Added _OSI(Linux-HPI-Hybrid-Graphics)
[    0.292551] ACPI: 4 ACPI AML tables successfully acquired and loaded
[    0.324496] ACPI: Dynamic OEM Table Load:
[    0.324513] ACPI: SSDT 0xFFFF9148402C9000 00037A (v01 PmRef  Cpu0Ist  00003000 INTL 20061109)
[    0.326435] ACPI: Dynamic OEM Table Load:
[    0.326448] ACPI: SSDT 0xFFFF914840804000 000433 (v01 PmRef  Cpu0Cst  00003001 INTL 20061109)
[    0.329135] ACPI: Dynamic OEM Table Load:
[    0.329147] ACPI: SSDT 0xFFFF914840222C00 00015F (v01 PmRef  ApIst    00003000 INTL 20061109)
[    0.330678] ACPI: Dynamic OEM Table Load:
[    0.330689] ACPI: SSDT 0xFFFF9148408FA840 00008D (v01 PmRef  ApCst    00003000 INTL 20061109)
[    0.336367] ACPI: Interpreter enabled
[    0.336418] ACPI: PM: (supports S0 S3 S5)
[    0.336421] ACPI: Using IOAPIC for interrupt routing
[    0.336529] PCI: Using host bridge windows from ACPI; if necessary, use "pci=nocrs" and report a bug
[    0.337881] ACPI: Enabled 9 GPEs in block 00 to 3F
[    0.566019] ACPI: PM: Power Resource [USBC]
[    0.571127] ACPI: PM: Power Resource [PLPE]
[    0.571899] ACPI: PM: Power Resource [PLPE]
[    0.574401] ACPI: PM: Power Resource [FN01]
[    0.574753] ACPI: PM: Power Resource [FN00]
[    0.576585] ACPI: PCI Root Bridge [PCI0] (domain 0000 [bus 00-ff])
[    0.576603] acpi PNP0A08:00: _OSC: OS supports [ExtendedConfig ASPM ClockPM Segments MSI HPX-Type3]
[    0.577649] acpi PNP0A08:00: _OSC: platform does not support [PME]
[    0.578477] acpi PNP0A08:00: _OSC: OS now controls [PCIeCapability LTR]
[    0.578481] acpi PNP0A08:00: FADT indicates ASPM is unsupported, using BIOS configuration
[    0.579161] PCI host bridge to bus 0000:00
[    0.579166] pci_bus 0000:00: root bus resource [io  0x0070-0x0077]
[    0.579172] pci_bus 0000:00: root bus resource [io  0x0000-0x006f window]
[    0.579176] pci_bus 0000:00: root bus resource [io  0x0078-0x0cf7 window]
[    0.579181] pci_bus 0000:00: root bus resource [io  0x0d00-0xffff window]
[    0.579185] pci_bus 0000:00: root bus resource [mem 0x000a0000-0x000bffff window]
[    0.579190] pci_bus 0000:00: root bus resource [mem 0x000c0000-0x000dffff window]
[    0.579194] pci_bus 0000:00: root bus resource [mem 0x000e0000-0x000fffff window]
[    0.579198] pci_bus 0000:00: root bus resource [mem 0x80000000-0xffffffff window]
[    0.579204] pci_bus 0000:00: root bus resource [bus 00-ff]
[    0.579733] pci 0000:00:00.0: [8086:0f00] type 00 class 0x060000
[    0.580533] pci 0000:00:02.0: [8086:0f31] type 00 class 0x030000
[    0.580547] pci 0000:00:02.0: reg 0x10: [mem 0x90000000-0x903fffff]
[    0.580560] pci 0000:00:02.0: reg 0x18: [mem 0x80000000-0x8fffffff pref]
[    0.580573] pci 0000:00:02.0: reg 0x20: [io  0xe080-0xe087]
[    0.580599] pci 0000:00:02.0: BAR 2: assigned to efifb
[    0.580606] pci 0000:00:02.0: Video device with shadowed ROM at [mem 0x000c0000-0x000dffff]
[    0.581400] pci 0000:00:12.0: [8086:0f16] type 00 class 0x080501
[    0.581420] pci 0000:00:12.0: reg 0x10: [mem 0x90819000-0x90819fff]
[    0.581433] pci 0000:00:12.0: reg 0x14: [mem 0x90818000-0x90818fff]
[    0.581512] pci 0000:00:12.0: PME# supported from D0 D3hot
[    0.582269] pci 0000:00:13.0: [8086:0f23] type 00 class 0x010601
[    0.582288] pci 0000:00:13.0: reg 0x10: [io  0xe070-0xe077]
[    0.582300] pci 0000:00:13.0: reg 0x14: [io  0xe060-0xe063]
[    0.582311] pci 0000:00:13.0: reg 0x18: [io  0xe050-0xe057]
[    0.582321] pci 0000:00:13.0: reg 0x1c: [io  0xe040-0xe043]
[    0.582332] pci 0000:00:13.0: reg 0x20: [io  0xe020-0xe03f]
[    0.582343] pci 0000:00:13.0: reg 0x24: [mem 0x90817000-0x908177ff]
[    0.582399] pci 0000:00:13.0: PME# supported from D3hot
[    0.583170] pci 0000:00:14.0: [8086:0f35] type 00 class 0x0c0330
[    0.583191] pci 0000:00:14.0: reg 0x10: [mem 0x90800000-0x9080ffff 64bit]
[    0.583262] pci 0000:00:14.0: PME# supported from D3hot D3cold
[    0.584188] pci 0000:00:17.0: [8086:0f50] type 00 class 0x080501
[    0.584209] pci 0000:00:17.0: reg 0x10: [mem 0x90816000-0x90816fff]
[    0.584222] pci 0000:00:17.0: reg 0x14: [mem 0x90815000-0x90815fff]
[    0.584301] pci 0000:00:17.0: PME# supported from D0 D3hot
[    0.585208] pci 0000:00:1a.0: [8086:0f18] type 00 class 0x108000
[    0.585235] pci 0000:00:1a.0: reg 0x10: [mem 0x90500000-0x905fffff]
[    0.585251] pci 0000:00:1a.0: reg 0x14: [mem 0x90400000-0x904fffff]
[    0.585364] pci 0000:00:1a.0: PME# supported from D0 D3hot
[    0.586131] pci 0000:00:1b.0: [8086:0f04] type 00 class 0x040300
[    0.586155] pci 0000:00:1b.0: reg 0x10: [mem 0x90810000-0x90813fff 64bit]
[    0.586237] pci 0000:00:1b.0: PME# supported from D0 D3hot D3cold
[    0.587002] pci 0000:00:1c.0: [8086:0f48] type 01 class 0x060400
[    0.587084] pci 0000:00:1c.0: PME# supported from D0 D3hot D3cold
[    0.587866] pci 0000:00:1c.1: [8086:0f4a] type 01 class 0x060400
[    0.587948] pci 0000:00:1c.1: PME# supported from D0 D3hot D3cold
[    0.588729] pci 0000:00:1c.2: [8086:0f4c] type 01 class 0x060400
[    0.588811] pci 0000:00:1c.2: PME# supported from D0 D3hot D3cold
[    0.589591] pci 0000:00:1c.3: [8086:0f4e] type 01 class 0x060400
[    0.589673] pci 0000:00:1c.3: PME# supported from D0 D3hot D3cold
[    0.590453] pci 0000:00:1f.0: [8086:0f1c] type 00 class 0x060100
[    0.591293] pci 0000:00:1f.3: [8086:0f12] type 00 class 0x0c0500
[    0.591331] pci 0000:00:1f.3: reg 0x10: [mem 0x90814000-0x9081401f]
[    0.591405] pci 0000:00:1f.3: reg 0x20: [io  0xe000-0xe01f]
[    0.591882] pci 0000:01:00.0: [168c:0034] type 00 class 0x028000
[    0.591909] pci 0000:01:00.0: reg 0x10: [mem 0x90700000-0x9077ffff 64bit]
[    0.591948] pci 0000:01:00.0: reg 0x30: [mem 0x90780000-0x9078ffff pref]
[    0.592042] pci 0000:01:00.0: supports D1
[    0.592046] pci 0000:01:00.0: PME# supported from D0 D1 D3hot
[    0.592353] pci 0000:00:1c.0: PCI bridge to [bus 01]
[    0.592362] pci 0000:00:1c.0:   bridge window [mem 0x90700000-0x907fffff]
[    0.592449] pci 0000:00:1c.1: PCI bridge to [bus 02]
[    0.592537] pci 0000:00:1c.2: PCI bridge to [bus 03]
[    0.592715] pci 0000:04:00.0: [8086:1533] type 00 class 0x020000
[    0.592745] pci 0000:04:00.0: reg 0x10: [mem 0x90600000-0x9067ffff]
[    0.592775] pci 0000:04:00.0: reg 0x18: [io  0xd000-0xd01f]
[    0.592792] pci 0000:04:00.0: reg 0x1c: [mem 0x90680000-0x90683fff]
[    0.592945] pci 0000:04:00.0: PME# supported from D0 D3hot D3cold
[    0.593269] pci 0000:00:1c.3: PCI bridge to [bus 04]
[    0.593276] pci 0000:00:1c.3:   bridge window [io  0xd000-0xdfff]
[    0.593282] pci 0000:00:1c.3:   bridge window [mem 0x90600000-0x906fffff]
[    0.593307] pci_bus 0000:00: on NUMA node 0
[    0.798232] ACPI: PCI: Interrupt link LNKA configured for IRQ 0
[    0.798237] ACPI: PCI: Interrupt link LNKA disabled
[    0.798506] ACPI: PCI: Interrupt link LNKB configured for IRQ 0
[    0.798510] ACPI: PCI: Interrupt link LNKB disabled
[    0.798759] ACPI: PCI: Interrupt link LNKC configured for IRQ 0
[    0.798763] ACPI: PCI: Interrupt link LNKC disabled
[    0.799010] ACPI: PCI: Interrupt link LNKD configured for IRQ 0
[    0.799014] ACPI: PCI: Interrupt link LNKD disabled
[    0.799262] ACPI: PCI: Interrupt link LNKE configured for IRQ 0
[    0.799266] ACPI: PCI: Interrupt link LNKE disabled
[    0.799518] ACPI: PCI: Interrupt link LNKF configured for IRQ 0
[    0.799522] ACPI: PCI: Interrupt link LNKF disabled
[    0.799770] ACPI: PCI: Interrupt link LNKG configured for IRQ 0
[    0.799773] ACPI: PCI: Interrupt link LNKG disabled
[    0.800020] ACPI: PCI: Interrupt link LNKH configured for IRQ 0
[    0.800024] ACPI: PCI: Interrupt link LNKH disabled
[    0.801530] pci 0000:00:02.0: vgaarb: setting as boot VGA device
[    0.801530] pci 0000:00:02.0: vgaarb: VGA device added: decodes=io+mem,owns=io+mem,locks=none
[    0.801530] pci 0000:00:02.0: vgaarb: bridge control possible
[    0.801530] vgaarb: loaded
[    0.801743] SCSI subsystem initialized
[    0.801761] libata version 3.00 loaded.
[    0.801761] ACPI: bus type USB registered
[    0.801761] usbcore: registered new interface driver usbfs
[    0.801761] usbcore: registered new interface driver hub
[    0.801761] usbcore: registered new device driver usb
[    0.801763] pps_core: LinuxPPS API ver. 1 registered
[    0.801766] pps_core: Software ver. 5.3.6 - Copyright 2005-2007 Rodolfo Giometti <giometti@linux.it>
[    0.801778] PTP clock support registered
[    0.802650] Advanced Linux Sound Architecture Driver Initialized.
[    0.803171] Bluetooth: Core ver 2.22
[    0.803204] NET: Registered PF_BLUETOOTH protocol family
[    0.803206] Bluetooth: HCI device and connection manager initialized
[    0.803213] Bluetooth: HCI socket layer initialized
[    0.803217] Bluetooth: L2CAP socket layer initialized
[    0.803229] Bluetooth: SCO socket layer initialized
[    0.803302] PCI: Using ACPI for IRQ routing
[    0.809610] PCI: pci_cache_line_size set to 64 bytes
[    0.809686] e820: reserve RAM buffer [mem 0x0003f000-0x0003ffff]
[    0.809691] e820: reserve RAM buffer [mem 0x0009e000-0x0009ffff]
[    0.809695] e820: reserve RAM buffer [mem 0x763cb018-0x77ffffff]
[    0.809699] e820: reserve RAM buffer [mem 0x763dc018-0x77ffffff]
[    0.809702] e820: reserve RAM buffer [mem 0x79347000-0x7bffffff]
[    0.809706] e820: reserve RAM buffer [mem 0x79bad000-0x7bffffff]
[    0.809710] e820: reserve RAM buffer [mem 0x79d66000-0x7bffffff]
[    0.809714] e820: reserve RAM buffer [mem 0x7a000000-0x7bffffff]
[    0.809730] clocksource: Switched to clocksource tsc-early
[    0.853795] pnp: PnP ACPI init
[    0.854370] system 00:01: [io  0x0680-0x069f] has been reserved
[    0.854380] system 00:01: [io  0x0400-0x047f] has been reserved
[    0.854385] system 00:01: [io  0x0500-0x05fe] has been reserved
[    0.854391] system 00:01: [io  0x0600-0x061f] has been reserved
[    1.060368] system 00:03: [mem 0xe0000000-0xefffffff] has been reserved
[    1.060380] system 00:03: [mem 0xfed01000-0xfed01fff] has been reserved
[    1.060386] system 00:03: [mem 0xfed03000-0xfed03fff] has been reserved
[    1.060392] system 00:03: [mem 0xfed04000-0xfed04fff] has been reserved
[    1.060398] system 00:03: [mem 0xfed08000-0xfed08fff] has been reserved
[    1.060403] system 00:03: [mem 0xfed1c000-0xfed1cfff] has been reserved
[    1.060410] system 00:03: [mem 0xfee00000-0xfeefffff] could not be reserved
[    1.060416] system 00:03: [mem 0xfef00000-0xfeffffff] has been reserved
[    1.062042] pnp: PnP ACPI: found 6 devices
[    1.073365] clocksource: acpi_pm: mask: 0xffffff max_cycles: 0xffffff, max_idle_ns: 2085701024 ns
[    1.073591] NET: Registered PF_INET protocol family
[    1.073792] IP idents hash table entries: 65536 (order: 7, 524288 bytes, linear)
[    1.075335] tcp_listen_portaddr_hash hash table entries: 2048 (order: 4, 98304 bytes, linear)
[    1.075374] Table-perturb hash table entries: 65536 (order: 6, 262144 bytes, linear)
[    1.075383] TCP established hash table entries: 32768 (order: 6, 262144 bytes, linear)
[    1.075573] TCP bind hash table entries: 32768 (order: 8, 1310720 bytes, linear)
[    1.075964] TCP: Hash tables configured (established 32768 bind 32768)
[    1.076090] UDP hash table entries: 2048 (order: 5, 196608 bytes, linear)
[    1.076176] UDP-Lite hash table entries: 2048 (order: 5, 196608 bytes, linear)
[    1.076372] NET: Registered PF_UNIX/PF_LOCAL protocol family
[    1.076828] RPC: Registered named UNIX socket transport module.
[    1.076832] RPC: Registered udp transport module.
[    1.076834] RPC: Registered tcp transport module.
[    1.076836] RPC: Registered tcp NFSv4.1 backchannel transport module.
[    1.076850] pci 0000:00:1c.0: bridge window [io  0x1000-0x0fff] to [bus 01] add_size 1000
[    1.076861] pci 0000:00:1c.0: bridge window [mem 0x00100000-0x000fffff 64bit pref] to [bus 01] add_size 200000 add_align 100000
[    1.076869] pci 0000:00:1c.1: bridge window [io  0x1000-0x0fff] to [bus 02] add_size 1000
[    1.076874] pci 0000:00:1c.1: bridge window [mem 0x00100000-0x000fffff 64bit pref] to [bus 02] add_size 200000 add_align 100000
[    1.076881] pci 0000:00:1c.1: bridge window [mem 0x00100000-0x000fffff] to [bus 02] add_size 200000 add_align 100000
[    1.076887] pci 0000:00:1c.2: bridge window [io  0x1000-0x0fff] to [bus 03] add_size 1000
[    1.076893] pci 0000:00:1c.2: bridge window [mem 0x00100000-0x000fffff 64bit pref] to [bus 03] add_size 200000 add_align 100000
[    1.076899] pci 0000:00:1c.2: bridge window [mem 0x00100000-0x000fffff] to [bus 03] add_size 200000 add_align 100000
[    1.076907] pci 0000:00:1c.3: bridge window [mem 0x00100000-0x000fffff 64bit pref] to [bus 04] add_size 200000 add_align 100000
[    1.076950] pci 0000:00:1c.0: BAR 15: assigned [mem 0x90900000-0x90afffff 64bit pref]
[    1.076961] pci 0000:00:1c.1: BAR 14: assigned [mem 0x90b00000-0x90cfffff]
[    1.076977] pci 0000:00:1c.1: BAR 15: assigned [mem 0x90d00000-0x90efffff 64bit pref]
[    1.076986] pci 0000:00:1c.2: BAR 14: assigned [mem 0x90f00000-0x910fffff]
[    1.077002] pci 0000:00:1c.2: BAR 15: assigned [mem 0x91100000-0x912fffff 64bit pref]
[    1.077018] pci 0000:00:1c.3: BAR 15: assigned [mem 0x91300000-0x914fffff 64bit pref]
[    1.077027] pci 0000:00:1c.0: BAR 13: assigned [io  0x1000-0x1fff]
[    1.077034] pci 0000:00:1c.1: BAR 13: assigned [io  0x2000-0x2fff]
[    1.077041] pci 0000:00:1c.2: BAR 13: assigned [io  0x3000-0x3fff]
[    1.077055] pci 0000:00:1c.0: PCI bridge to [bus 01]
[    1.077060] pci 0000:00:1c.0:   bridge window [io  0x1000-0x1fff]
[    1.077067] pci 0000:00:1c.0:   bridge window [mem 0x90700000-0x907fffff]
[    1.077073] pci 0000:00:1c.0:   bridge window [mem 0x90900000-0x90afffff 64bit pref]
[    1.077080] pci 0000:00:1c.1: PCI bridge to [bus 02]
[    1.077084] pci 0000:00:1c.1:   bridge window [io  0x2000-0x2fff]
[    1.077089] pci 0000:00:1c.1:   bridge window [mem 0x90b00000-0x90cfffff]
[    1.077094] pci 0000:00:1c.1:   bridge window [mem 0x90d00000-0x90efffff 64bit pref]
[    1.077101] pci 0000:00:1c.2: PCI bridge to [bus 03]
[    1.077105] pci 0000:00:1c.2:   bridge window [io  0x3000-0x3fff]
[    1.077111] pci 0000:00:1c.2:   bridge window [mem 0x90f00000-0x910fffff]
[    1.077116] pci 0000:00:1c.2:   bridge window [mem 0x91100000-0x912fffff 64bit pref]
[    1.077123] pci 0000:00:1c.3: PCI bridge to [bus 04]
[    1.077127] pci 0000:00:1c.3:   bridge window [io  0xd000-0xdfff]
[    1.077133] pci 0000:00:1c.3:   bridge window [mem 0x90600000-0x906fffff]
[    1.077138] pci 0000:00:1c.3:   bridge window [mem 0x91300000-0x914fffff 64bit pref]
[    1.077146] pci_bus 0000:00: resource 4 [io  0x0070-0x0077]
[    1.077150] pci_bus 0000:00: resource 5 [io  0x0000-0x006f window]
[    1.077154] pci_bus 0000:00: resource 6 [io  0x0078-0x0cf7 window]
[    1.077158] pci_bus 0000:00: resource 7 [io  0x0d00-0xffff window]
[    1.077162] pci_bus 0000:00: resource 8 [mem 0x000a0000-0x000bffff window]
[    1.077166] pci_bus 0000:00: resource 9 [mem 0x000c0000-0x000dffff window]
[    1.077170] pci_bus 0000:00: resource 10 [mem 0x000e0000-0x000fffff window]
[    1.077174] pci_bus 0000:00: resource 11 [mem 0x80000000-0xffffffff window]
[    1.077178] pci_bus 0000:01: resource 0 [io  0x1000-0x1fff]
[    1.077182] pci_bus 0000:01: resource 1 [mem 0x90700000-0x907fffff]
[    1.077186] pci_bus 0000:01: resource 2 [mem 0x90900000-0x90afffff 64bit pref]
[    1.077190] pci_bus 0000:02: resource 0 [io  0x2000-0x2fff]
[    1.077194] pci_bus 0000:02: resource 1 [mem 0x90b00000-0x90cfffff]
[    1.077198] pci_bus 0000:02: resource 2 [mem 0x90d00000-0x90efffff 64bit pref]
[    1.077202] pci_bus 0000:03: resource 0 [io  0x3000-0x3fff]
[    1.077206] pci_bus 0000:03: resource 1 [mem 0x90f00000-0x910fffff]
[    1.077209] pci_bus 0000:03: resource 2 [mem 0x91100000-0x912fffff 64bit pref]
[    1.077214] pci_bus 0000:04: resource 0 [io  0xd000-0xdfff]
[    1.077217] pci_bus 0000:04: resource 1 [mem 0x90600000-0x906fffff]
[    1.077221] pci_bus 0000:04: resource 2 [mem 0x91300000-0x914fffff 64bit pref]
[    1.078202] PCI: CLS 64 bytes, default 64
[    1.078225] PCI-DMA: Using software bounce buffering for IO (SWIOTLB)
[    1.078227] software IO TLB: mapped [mem 0x00000000723ca000-0x00000000763ca000] (64MB)
[    1.079035] clocksource: tsc: mask: 0xffffffffffffffff max_cycles: 0x3741594d34d, max_idle_ns: 881590420564 ns
[    1.079083] clocksource: Switched to clocksource tsc
[    1.153629] Initialise system trusted keyrings
[    1.153804] workingset: timestamp_bits=46 max_order=20 bucket_order=0
[    1.162544] NFS: Registering the id_resolver key type
[    1.162562] Key type id_resolver registered
[    1.162565] Key type id_legacy registered
[    1.179946] NET: Registered PF_ALG protocol family
[    1.179954] xor: measuring software checksum speed
[    1.181346]    prefetch64-sse  :  7213 MB/sec
[    1.182910]    generic_sse     :  6444 MB/sec
[    1.182914] xor: using function: prefetch64-sse (7213 MB/sec)
[    1.182921] Key type asymmetric registered
[    1.182923] Asymmetric key parser 'x509' registered
[    1.182974] Block layer SCSI generic (bsg) driver version 0.4 loaded (major 248)
[    1.182978] io scheduler mq-deadline registered
[    1.182981] io scheduler kyber registered
[    1.186527] ACPI: AC: AC Adapter [ADP1] (on-line)
[    1.186735] input: Lid Switch as /devices/LNXSYSTM:00/LNXSYBUS:00/PNP0A08:00/PNP0C0D:00/input/input0
[    1.186815] ACPI: button: Lid Switch [LID]
[    1.186943] input: Sleep Button as /devices/LNXSYSTM:00/LNXSYBUS:00/PNP0A08:00/PNP0C0E:00/input/input1
[    1.187032] ACPI: button: Sleep Button [SLPB]
[    1.187164] input: Power Button as /devices/LNXSYSTM:00/LNXSYBUS:00/PNP0C0C:00/input/input2
[    1.188555] ACPI: button: Power Button [PWRB]
[    1.188707] input: Power Button as /devices/LNXSYSTM:00/LNXPWRBN:00/input/input3
[    1.189631] ACPI: button: Power Button [PWRF]
[    1.207442] thermal LNXTHERM:00: registered as thermal_zone0
[    1.207449] ACPI: thermal: Thermal Zone [TZ01] (27 C)
[    1.207672] ioatdma: Intel(R) QuickData Technology Driver 5.00
[    1.208072] Serial: 8250/16550 driver, 4 ports, IRQ sharing disabled
[    1.208246] 00:05: ttyS0 at I/O 0x3f8 (irq = 4, base_baud = 115200) is a 16550A
[    1.210276] hpet: number irqs doesn't agree with number of timers
[    1.210656] Linux agpgart interface v0.103
[    1.214043] tpm_tis 00:04: 1.2 TPM (device-id 0x1A, rev-id 16)
[    1.243528] ACPI: bus type drm_connector registered
[    1.251836] brd: module loaded
[    1.257811] loop: module loaded
[    1.258941] ahci 0000:00:13.0: version 3.0
[    1.259302] ahci 0000:00:13.0: controller can't do DEVSLP, turning off
[    1.259423] ahci 0000:00:13.0: AHCI 0001.0300 32 slots 2 ports 3 Gbps 0x0 impl SATA mode
[    1.259431] ahci 0000:00:13.0: flags: 64bit ncq pm led clo pio slum part deso 
[    1.260633] scsi host0: ahci
[    1.261357] scsi host1: ahci
[    1.261566] ata1: DUMMY
[    1.261570] ata2: DUMMY
[    1.261797] e100: Intel(R) PRO/100 Network Driver
[    1.261800] e100: Copyright(c) 1999-2006 Intel Corporation
[    1.261836] e1000: Intel(R) PRO/1000 Network Driver
[    1.261838] e1000: Copyright (c) 1999-2006 Intel Corporation.
[    1.261891] e1000e: Intel(R) PRO/1000 Network Driver
[    1.261893] e1000e: Copyright(c) 1999 - 2015 Intel Corporation.
[    1.261940] igb: Intel(R) Gigabit Ethernet Network Driver
[    1.261943] igb: Copyright (c) 2007-2014 Intel Corporation.
[    1.291700] pps pps0: new PPS source ptp0
[    1.291999] igb 0000:04:00.0: added PHC on eth0
[    1.292003] igb 0000:04:00.0: Intel(R) Gigabit Ethernet Network Connection
[    1.292006] igb 0000:04:00.0: eth0: (PCIe:2.5Gb/s:Width x1) 00:13:95:1d:36:a7
[    1.292055] igb 0000:04:00.0: eth0: PBA No: 000300-000
[    1.292058] igb 0000:04:00.0: Using MSI-X interrupts. 4 rx queue(s), 4 tx queue(s)
[    1.292197] ehci_hcd: USB 2.0 'Enhanced' Host Controller (EHCI) Driver
[    1.292201] ehci-pci: EHCI PCI platform driver
[    1.292232] ohci_hcd: USB 1.1 'Open' Host Controller (OHCI) Driver
[    1.292250] ohci-pci: OHCI PCI platform driver
[    1.292282] uhci_hcd: USB Universal Host Controller Interface driver
[    1.292772] xhci_hcd 0000:00:14.0: xHCI Host Controller
[    1.292789] xhci_hcd 0000:00:14.0: new USB bus registered, assigned bus number 1
[    1.293895] xhci_hcd 0000:00:14.0: hcc params 0x200077c1 hci version 0x100 quirks 0x0000000000009810
[    1.294604] xhci_hcd 0000:00:14.0: xHCI Host Controller
[    1.294614] xhci_hcd 0000:00:14.0: new USB bus registered, assigned bus number 2
[    1.294623] xhci_hcd 0000:00:14.0: Host supports USB 3.0 SuperSpeed
[    1.295385] hub 1-0:1.0: USB hub found
[    1.295415] hub 1-0:1.0: 6 ports detected
[    1.297777] hub 2-0:1.0: USB hub found
[    1.297802] hub 2-0:1.0: 1 port detected
[    1.298348] usbcore: registered new interface driver usb-storage
[    1.298410] usbcore: registered new interface driver usbserial_generic
[    1.298428] usbserial: USB Serial support registered for generic
[    1.298452] usbcore: registered new interface driver ftdi_sio
[    1.298502] usbserial: USB Serial support registered for FTDI USB Serial Device
[    1.298545] usbcore: registered new interface driver pl2303
[    1.298565] usbserial: USB Serial support registered for pl2303
[    1.298672] i8042: PNP: No PS/2 controller found.
[    1.298964] mousedev: PS/2 mouse device common for all mice
[    1.299853] rtc_cmos 00:00: RTC can wake from S4
[    1.300566] rtc_cmos 00:00: registered as rtc0
[    1.300598] rtc_cmos 00:00: setting system clock to 2023-02-08T15:33:53 UTC (1675870433)
[    1.300669] rtc_cmos 00:00: alarms up to one month, y3k, 242 bytes nvram
[    1.300721] i2c_dev: i2c /dev entries driver
[    1.301295] i801_smbus 0000:00:1f.3: SMBus using PCI interrupt
[    1.304097] i2c i2c-0: 2/2 memory slots populated (from DMI)
[    1.305140] device-mapper: ioctl: 4.45.0-ioctl (2021-03-22) initialised: dm-devel@redhat.com
[    1.305290] intel_pstate: Intel P-state driver initializing
[    1.306028] sdhci: Secure Digital Host Controller Interface driver
[    1.306032] sdhci: Copyright(c) Pierre Ossman
[    1.306086] sdhci-pci 0000:00:12.0: SDHCI controller found [8086:0f16] (rev 11)
[    1.306852] sdhci-pci 0000:00:12.0: failed to setup card detect gpio
[    1.307589] mmc0: SDHCI controller on PCI [0000:00:12.0] using ADMA
[    1.307683] sdhci-pci 0000:00:17.0: SDHCI controller found [8086:0f50] (rev 11)
[    1.308593] mmc1: SDHCI controller on PCI [0000:00:17.0] using ADMA
[    1.308771] sdhci-pltfm: SDHCI platform and OF driver helper
[    1.308926] efifb: probing for efifb
[    1.308953] efifb: framebuffer at 0x80000000, using 1876k, total 1875k
[    1.308958] efifb: mode is 800x600x32, linelength=3200, pages=1
[    1.308961] efifb: scrolling: redraw
[    1.308962] efifb: Truecolor: size=8:8:8:8, shift=24:16:8:0
[    1.312546] Console: switching to colour frame buffer device 100x37
[    1.315803] fb0: EFI VGA frame buffer device
[    1.315980] usbcore: registered new interface driver usbhid
[    1.315984] usbhid: USB HID core driver
[    1.316259] u32 classifier
[    1.316261]     input device check on
[    1.316262]     Actions configured
[    1.316717] NET: Registered PF_INET6 protocol family
[    1.317649] Segment Routing with IPv6
[    1.317671] In-situ OAM (IOAM) with IPv6
[    1.317718] sit: IPv6, IPv4 and MPLS over IPv4 tunneling driver
[    1.318162] NET: Registered PF_PACKET protocol family
[    1.318309] NET: Registered PF_IEEE802154 protocol family
[    1.318327] Key type dns_resolver registered
[    1.318671] NET: Registered PF_VSOCK protocol family
[    1.319645] microcode: sig=0x30679, pf=0x1, revision=0x903
[    1.319716] microcode: Microcode Update Driver: v2.2.
[    1.319729] IPI shorthand broadcast: enabled
[    1.319754] SSE version of gcm_enc/dec engaged.
[    1.321973] sched_clock: Marking stable (1321066559, 874655)->(1357420480, -35479266)
[    1.322562] printk: console [ttyS0]: printing thread started
[    1.322607] Loading compiled-in X.509 certificates
[    1.357575] Key type ._fscrypt registered
[    1.357579] Key type .fscrypt registered
[    1.357581] Key type fscrypt-provisioning registered
[    1.358379] Btrfs loaded, crc32c=crc32c-generic, zoned=no, fsverity=no
[    1.359118] Key type encrypted registered
[    1.360992] printk: console [netcon0]: printing thread started
[    1.361008] printk: console [netcon0] enabled
[    1.361012] netconsole: network logging started
[    1.361302] ALSA device list:
[    1.361305]   No soundcards found.
[    1.386172] md: Waiting for all devices to be available before autodetect
[    1.386175] md: If you don't use raid, use raid=noautodetect
[    1.386178] md: Autodetecting RAID arrays.
[    1.386180] md: autorun ...
[    1.386181] md: ... autorun DONE.
[    1.386253] Waiting for root device PARTUUID=42424242-1120-1120-1120-424242424242...
[    1.407503] mmc1: new high speed MMC card at address 0001
[    1.407980] mmcblk1: mmc1:0001 BGND3R 29.1 GiB 
[    1.411793]  mmcblk1: p1 p2 p3 p4
[    1.412644] mmcblk1boot0: mmc1:0001 BGND3R 4.00 MiB 
[    1.413865] mmcblk1boot1: mmc1:0001 BGND3R 4.00 MiB 
[    1.414985] mmcblk1rpmb: mmc1:0001 BGND3R 4.00 MiB, chardev (245:0)
[    1.421150] EXT4-fs (mmcblk1p3): mounting ext3 file system using the ext4 subsystem
[    1.427684] EXT4-fs (mmcblk1p3): mounted filesystem with ordered data mode. Opts: (null). Quota mode: disabled.
[    1.427732] VFS: Mounted root (ext3 filesystem) readonly on device 179:3.
[    1.428077] devtmpfs: mounted
[    1.449794] Freeing unused kernel image (initmem) memory: 1884K
[    1.449917] Write protecting the kernel read-only data: 24576k
[    1.451633] Freeing unused kernel image (text/rodata gap) memory: 2036K
[    1.452610] Freeing unused kernel image (rodata/data gap) memory: 1348K
[    1.452728] Run /sbin/init as init process
[    1.452731]   with arguments:
[    1.452732]     /sbin/init
[    1.452733]   with environment:
[    1.452734]     HOME=/
[    1.452736]     TERM=linux
[    1.533504] usb 1-2: new high-speed USB device number 2 using xhci_hcd
[    1.660355] hub 1-2:1.0: USB hub found
[    1.660398] hub 1-2:1.0: 3 ports detected
[    1.775487] usb 1-3: new full-speed USB device number 3 using xhci_hcd
[    1.799661] systemd[1]: systemd 251.4+ running in system mode (+PAM -AUDIT -SELINUX -APPARMOR +IMA -SMACK +SECCOMP -GCRYPT -GNUTLS -OPENSSL +ACL +BLKID -CURL -ELFUTILS -FIDO2 -IDN2 -IDN -IPTC +KMOD -LIBCRYPTSETUP +LIBFDISK -PCRE2 -PWQUALITY -P11KIT -QRENCODE -TPM2 -BZIP2 -LZ4 -XZ -ZLIB +ZSTD -BPF_FRAMEWORK -XKBCOMMON +UTMP +SYSVINIT default-hierarchy=hybrid)
[    1.799690] systemd[1]: Detected architecture x86-64.
[    1.977499] usb 1-2.1: new full-speed USB device number 4 using xhci_hcd
[    2.000866] systemd[1]: Hostname set to <nao>.
[    2.007772] systemd[1]: Initializing machine ID from random generator.
[    2.007895] systemd[1]: Installed transient /etc/machine-id file.
[    2.067563] usb 1-2.1: string descriptor 0 read error: -22
[    2.075681] systemd-sysv-generator[177]: SysV service '/etc/init.d/save-rtc.sh' lacks a native systemd unit file. Automatically generating a unit file for compatibility. Please update package to include a native systemd unit file, in order to make it more safe and robust.
[    2.076126] systemd-sysv-generator[177]: SysV service '/etc/init.d/umountfs' lacks a native systemd unit file. Automatically generating a unit file for compatibility. Please update package to include a native systemd unit file, in order to make it more safe and robust.
[    2.077665] systemd-sysv-generator[177]: SysV service '/etc/init.d/sshd' lacks a native systemd unit file. Automatically generating a unit file for compatibility. Please update package to include a native systemd unit file, in order to make it more safe and robust.
[    2.077977] systemd-sysv-generator[177]: SysV service '/etc/init.d/single' lacks a native systemd unit file. Automatically generating a unit file for compatibility. Please update package to include a native systemd unit file, in order to make it more safe and robust.
[    2.078129] systemd-sysv-generator[177]: SysV service '/etc/init.d/umountnfs.sh' lacks a native systemd unit file. Automatically generating a unit file for compatibility. Please update package to include a native systemd unit file, in order to make it more safe and robust.
[    2.078271] systemd-sysv-generator[177]: SysV service '/etc/init.d/halt' lacks a native systemd unit file. Automatically generating a unit file for compatibility. Please update package to include a native systemd unit file, in order to make it more safe and robust.
[    2.078578] systemd-sysv-generator[177]: SysV service '/etc/init.d/reboot' lacks a native systemd unit file. Automatically generating a unit file for compatibility. Please update package to include a native systemd unit file, in order to make it more safe and robust.
[    2.079934] systemd-sysv-generator[177]: SysV service '/etc/init.d/sendsigs' lacks a native systemd unit file. Automatically generating a unit file for compatibility. Please update package to include a native systemd unit file, in order to make it more safe and robust.
[    2.179495] usb 1-4: new high-speed USB device number 5 using xhci_hcd
[    2.308196] usb-storage 1-4:1.0: USB Mass Storage device detected
[    2.308598] scsi host2: usb-storage 1-4:1.0
[    2.346357] systemd[1]: Queued start job for default target Multi-User System.
[    2.381526] usb 1-2.3: new full-speed USB device number 6 using xhci_hcd
[    2.385332] systemd[1]: Created slice Slice /system/getty.
[    2.637216] systemd[1]: Created slice Slice /system/modprobe.
[    2.756701] systemd[1]: Created slice Slice /system/serial-getty.
[    2.952386] systemd[1]: Created slice User and Session Slice.
[    3.083842] systemd[1]: Started Dispatch Password Requests to Console Directory Watch.
[    3.316281] scsi 2:0:0:0: Direct-Access     SanDisk  Ultra            1.00 PQ: 0 ANSI: 6
[    3.316937] sd 2:0:0:0: Attached scsi generic sg0 type 0
[    3.317207] sd 2:0:0:0: [sda] 60063744 512-byte logical blocks: (30.8 GB/28.6 GiB)
[    3.318419] sd 2:0:0:0: [sda] Write Protect is off
[    3.318425] sd 2:0:0:0: [sda] Mode Sense: 43 00 00 00
[    3.318814] sd 2:0:0:0: [sda] Write cache: disabled, read cache: enabled, doesn't support DPO or FUA
[    3.320605] systemd[1]: Started Forward Password Requests to Wall Directory Watch.
[    3.323602] sd 2:0:0:0: [sda] Attached SCSI removable disk
[    3.377032] systemd[1]: Reached target Path Units.
[    3.520326] systemd[1]: Reached target Remote File Systems.
[    3.621297] systemd[1]: Reached target Slice Units.
[    3.769634] systemd[1]: Reached target Swaps.
[    3.859692] systemd[1]: Listening on Syslog Socket.
[    4.069882] systemd[1]: Listening on initctl Compatibility Named Pipe.
[    4.303234] systemd[1]: Journal Audit Socket was skipped because of a failed condition check (ConditionSecurity=audit).
[    4.303797] systemd[1]: Listening on Journal Socket (/dev/log).
[    4.586655] systemd[1]: Listening on Journal Socket.
[    4.811823] systemd[1]: Listening on Network Service Netlink Socket.
[    5.153519] systemd[1]: Listening on udev Control Socket.
[    5.202816] systemd[1]: Listening on udev Kernel Socket.
[    5.217825] systemd[1]: Listening on User Database Manager Socket.
[    5.235891] systemd[1]: Mounting Huge Pages File System...
[    5.251131] systemd[1]: Mounting POSIX Message Queue File System...
[    5.269055] systemd[1]: Mounting Kernel Debug File System...
[    5.284737] systemd[1]: Mounting Kernel Trace File System...
[    5.300454] systemd[1]: Mounting Temporary Directory /tmp...
[    5.316196] systemd[1]: Starting Format data partition...
[    5.332285] systemd[1]: Starting Create List of Static Device Nodes...
[    5.350359] systemd[1]: Starting Load Kernel Module configfs...
[    5.367056] systemd[1]: Starting Load Kernel Module drm...
[    5.383030] systemd[1]: Starting Load Kernel Module fuse...
[    5.394703] fuse: init (API version 7.34)
[    5.399197] systemd[1]: Starting File System Check on Root Device...
[    5.414084] systemd[1]: systemd-journald.service: unit configures an IP firewall, but the local system does not support BPF/cgroup firewalling.
[    5.414097] systemd[1]: (This warning is only shown for the first unit using IP firewalling.)
[    5.418766] systemd[1]: Starting Journal Service...
[    5.453743] systemd[1]: Starting Load Kernel Modules...
[    5.457693] systemd[1]: Starting Generate network units from Kernel command line...
[    5.472313] systemd[1]: Starting Coldplug All udev Devices...
[    5.484810] systemd[1]: Mounted Huge Pages File System.
[    5.485214] systemd[1]: Mounted POSIX Message Queue File System.
[    5.486604] systemd[1]: Mounted Kernel Debug File System.
[    5.491230] systemd[1]: Mounted Kernel Trace File System.
[    5.504073] systemd[1]: Mounted Temporary Directory /tmp.
[    5.517871] systemd[1]: Finished Create List of Static Device Nodes.
[    5.519037] systemd[1]: modprobe@configfs.service: Deactivated successfully.
[    5.524624] systemd[1]: Finished Load Kernel Module configfs.
[    5.586719] systemd[1]: modprobe@drm.service: Deactivated successfully.
[    5.587982] systemd[1]: Finished Load Kernel Module drm.
[    5.607731] systemd[1]: modprobe@fuse.service: Deactivated successfully.
[    5.608778] systemd[1]: Finished Load Kernel Module fuse.
[    5.632110] systemd[1]: Finished File System Check on Root Device.
[    5.650438] systemd[1]: Finished Generate network units from Kernel command line.
[    5.668211] systemd[1]: Started Journal Service.
[    5.683604] Console: switching to colour dummy device 80x25
[    5.683753] i915 0000:00:02.0: vgaarb: deactivate vga console
[    5.719935] [drm] Initialized i915 1.6.0 20201103 for 0000:00:02.0 on minor 0
[    5.726261] ACPI: video: Video Device [GFX0] (multi-head: yes  rom: no  post: no)
[    5.745859] acpi device:09: registered as cooling_device6
[    5.746120] input: Video Bus as /devices/LNXSYSTM:00/LNXSYBUS:00/PNP0A08:00/LNXVIDEO:00/input/input4
[    5.762566] fbcon: i915drmfb (fb0) is primary device
[    5.765727] Console: switching to colour frame buffer device 100x37
[    5.785104] i915 0000:00:02.0: [drm] fb0: i915drmfb frame buffer device
[    5.811151] EXT4-fs (mmcblk1p3): re-mounted. Opts: (null). Quota mode: disabled.
[    6.004000] systemd-journald[197]: Received client request to flush runtime journal.
[    6.057771] cfg80211: Loading compiled-in X.509 certificates for regulatory database
[    6.064058] cfg80211: Loaded X.509 cert 'sforshee: 00b28ddf47aef9cea7'
[    6.195753] Intel(R) Wireless WiFi driver for Linux
[   10.453363] igb 0000:04:00.0 enp4s0: renamed from eth0
[   10.637138] intel_rapl_common: Found RAPL domain package
[   10.637146] intel_rapl_common: Found RAPL domain core
[   10.881513] sbre-dfuse 1-2.3:1.0: STM32 Dfuse device connected. fwInfo: "USB-I2C v1.03 SB Robotics Europe 2017 @fc6fd1d                 
[   10.881773] usbcore: registered new interface driver sbre-dfuse
[   10.931223] usbcore: registered new interface driver btusb
[   11.066014] snd_hda_intel 0000:00:1b.0: bound 0000:00:02.0 (ops i915_audio_component_bind_ops [i915])
[   11.278801] usb 1-2.3: USB disconnect, device number 6
[   11.278871] sbre-dfuse 1-2.3:1.0: STM32 Dfuse device disconnected.
[   11.295243] ath9k 0000:01:00.0: enabling device (0000 -> 0002)
[   11.306340] ath: EEPROM regdomain: 0x60
[   11.306347] ath: EEPROM indicates we should expect a direct regpair map
[   11.306350] ath: Country alpha2 being used: 00
[   11.306352] ath: Regpair used: 0x60
[   11.309061] ieee80211 phy0: Selected rate control algorithm 'minstrel_ht'
[   11.311387] ieee80211 phy0: Atheros AR9462 Rev:2 mem=0xffffa724c0b80000, irq=16
[   11.463578] usb 1-2.3: new full-speed USB device number 7 using xhci_hcd
[   11.507659] input: HDA Intel PCH HDMI/DP,pcm=3 as /devices/pci0000:00/0000:00:1b.0/sound/card0/input5
[   11.507922] input: HDA Intel PCH HDMI/DP,pcm=7 as /devices/pci0000:00/0000:00:1b.0/sound/card0/input6
[   11.508168] input: HDA Intel PCH HDMI/DP,pcm=8 as /devices/pci0000:00/0000:00:1b.0/sound/card0/input7
[   11.668174] sbre-usb-i2c 1-2.3:1.0: SBRE USB-I2C on port 1.7: 'USB-I2C v1.03 SB Robotics Europe 2017 @fc6fd1d                 '
[   11.668901] i2c i2c-9: Connected with SBRE-USB-I2C on port 1.7
[   11.669017] usbcore: registered new interface driver sbre-usb-i2c
[   12.282666] EXT4-fs (mmcblk1p1): mounting ext3 file system using the ext4 subsystem
[   13.210574] usb 1-1: new high-speed USB device number 8 using xhci_hcd
[   13.213846] EXT4-fs (mmcblk1p1): mounted filesystem with ordered data mode. Opts: data=ordered. Quota mode: disabled.
[   13.213936] ext3 filesystem being mounted at /media/internal supports timestamps until 2038 (0x7fffffff)
[   13.412593] usb 1-2.2: new high-speed USB device number 9 using xhci_hcd
[   15.209392] usb 1-1: USB disconnect, device number 8
[   15.374799] usb 1-2.2: USB disconnect, device number 9
[   15.613704] usb 2-1: new SuperSpeed USB device number 2 using xhci_hcd
[   15.626749] usb 2-1: LPM exit latency is zeroed, disabling LPM.
[   15.702589] usb 1-2.2: new high-speed USB device number 10 using xhci_hcd
[   16.037837] mc: Linux media interface: v0.10
[   16.208551] videodev: Linux video capture interface: v2.00
[   16.641106] usb 2-1: Found UVC 1.00 device LI-OV5640(FW rev:022) (2a0b:01ff)
[   16.729386] input: LI-OV5640(FW rev:022) as /devices/pci0000:00/0000:00:14.0/usb2/2-1/2-1:1.0/input/input8
[   16.730021] usb 1-2.2: Found UVC 1.00 device LI-OV5640(FW rev:010) (2a0b:01ff)
[   16.818412] input: LI-OV5640(FW rev:010) as /devices/pci0000:00/0000:00:14.0/usb1/1-2/1-2.2/1-2.2:1.0/input/input9
[   16.818954] usbcore: registered new interface driver uvcvideo
[   21.791343] systemd-sysv-generator[316]: SysV service '/etc/init.d/save-rtc.sh' lacks a native systemd unit file. Automatically generating a unit file for compatibility. Please update package to include a native systemd unit file, in order to make it more safe and robust.
[   21.792913] systemd-sysv-generator[316]: SysV service '/etc/init.d/umountfs' lacks a native systemd unit file. Automatically generating a unit file for compatibility. Please update package to include a native systemd unit file, in order to make it more safe and robust.
[   21.794618] systemd-sysv-generator[316]: SysV service '/etc/init.d/sshd' lacks a native systemd unit file. Automatically generating a unit file for compatibility. Please update package to include a native systemd unit file, in order to make it more safe and robust.
[   21.794964] systemd-sysv-generator[316]: SysV service '/etc/init.d/single' lacks a native systemd unit file. Automatically generating a unit file for compatibility. Please update package to include a native systemd unit file, in order to make it more safe and robust.
[   21.795117] systemd-sysv-generator[316]: SysV service '/etc/init.d/umountnfs.sh' lacks a native systemd unit file. Automatically generating a unit file for compatibility. Please update package to include a native systemd unit file, in order to make it more safe and robust.
[   21.795267] systemd-sysv-generator[316]: SysV service '/etc/init.d/halt' lacks a native systemd unit file. Automatically generating a unit file for compatibility. Please update package to include a native systemd unit file, in order to make it more safe and robust.
[   21.796071] systemd-sysv-generator[316]: SysV service '/etc/init.d/reboot' lacks a native systemd unit file. Automatically generating a unit file for compatibility. Please update package to include a native systemd unit file, in order to make it more safe and robust.
[   21.797295] systemd-sysv-generator[316]: SysV service '/etc/init.d/sendsigs' lacks a native systemd unit file. Automatically generating a unit file for compatibility. Please update package to include a native systemd unit file, in order to make it more safe and robust.
[   22.321228] EXT4-fs (mmcblk1p4): mounting ext3 file system using the ext4 subsystem
[   22.337933] EXT4-fs (mmcblk1p4): mounted filesystem with ordered data mode. Opts: data=ordered. Quota mode: disabled.
[   24.597637] systemd-sysv-generator[455]: SysV service '/etc/init.d/save-rtc.sh' lacks a native systemd unit file. Automatically generating a unit file for compatibility. Please update package to include a native systemd unit file, in order to make it more safe and robust.
[   24.598051] systemd-sysv-generator[455]: SysV service '/etc/init.d/umountfs' lacks a native systemd unit file. Automatically generating a unit file for compatibility. Please update package to include a native systemd unit file, in order to make it more safe and robust.
[   24.601576] systemd-sysv-generator[455]: SysV service '/etc/init.d/sshd' lacks a native systemd unit file. Automatically generating a unit file for compatibility. Please update package to include a native systemd unit file, in order to make it more safe and robust.
[   24.601839] systemd-sysv-generator[455]: SysV service '/etc/init.d/single' lacks a native systemd unit file. Automatically generating a unit file for compatibility. Please update package to include a native systemd unit file, in order to make it more safe and robust.
[   24.601952] systemd-sysv-generator[455]: SysV service '/etc/init.d/umountnfs.sh' lacks a native systemd unit file. Automatically generating a unit file for compatibility. Please update package to include a native systemd unit file, in order to make it more safe and robust.
[   24.602059] systemd-sysv-generator[455]: SysV service '/etc/init.d/halt' lacks a native systemd unit file. Automatically generating a unit file for compatibility. Please update package to include a native systemd unit file, in order to make it more safe and robust.
[   24.602293] systemd-sysv-generator[455]: SysV service '/etc/init.d/reboot' lacks a native systemd unit file. Automatically generating a unit file for compatibility. Please update package to include a native systemd unit file, in order to make it more safe and robust.
[   24.604302] systemd-sysv-generator[455]: SysV service '/etc/init.d/sendsigs' lacks a native systemd unit file. Automatically generating a unit file for compatibility. Please update package to include a native systemd unit file, in order to make it more safe and robust.
[   29.305066] wlan0: authenticate with 9c:3d:cf:68:fe:24
[   29.320221] wlan0: send auth to 9c:3d:cf:68:fe:24 (try 1/3)
[   29.321627] wlan0: authenticated
[   29.323495] wlan0: associate with 9c:3d:cf:68:fe:24 (try 1/3)
[   29.324786] wlan0: RX AssocResp from 9c:3d:cf:68:fe:24 (capab=0x11 status=0 aid=2)
[   29.324930] wlan0: associated
[   29.325129] ath: EEPROM regdomain: 0x8114
[   29.325133] ath: EEPROM indicates we should expect a country code
[   29.325135] ath: doing EEPROM country->regdmn map search
[   29.325136] ath: country maps to regdmn code: 0x37
[   29.325138] ath: Country alpha2 being used: DE
[   29.325140] ath: Regpair used: 0x37
[   29.325141] ath: regdomain 0x8114 dynamically updated by country element
[   29.436299] IPv6: ADDRCONF(NETDEV_CHANGE): wlan0: link becomes ready
[   32.619294] systemd-journald[197]: Data hash table of /run/log/journal/fd1c7c618d944dfeab6dc3e55344bca6/system.journal has a fill level at 75.0 (10923 of 14563 items, 8388608 file size, 767 bytes per hash table item), suggesting rotation.
[   32.619313] systemd-journald[197]: /run/log/journal/fd1c7c618d944dfeab6dc3e55344bca6/system.journal: Journal header limits reached or header out-of-date, rotating.
[   95.091566] usb 2-1: USB disconnect, device number 2
[   95.341560] usb 1-1: new high-speed USB device number 11 using xhci_hcd
[   95.621001] usb 1-1: USB disconnect, device number 11
[   96.013572] usb 2-1: new SuperSpeed USB device number 3 using xhci_hcd
[   96.026333] usb 2-1: LPM exit latency is zeroed, disabling LPM.
[   96.028812] usb 2-1: Found UVC 1.00 device LI-OV5640(FW rev:022) (2a0b:01ff)
[   96.116883] input: LI-OV5640(FW rev:022) as /devices/pci0000:00/0000:00:14.0/usb2/2-1/2-1:1.0/input/input10
[   96.782682] usb 1-2.2: USB disconnect, device number 10
[   97.038502] usb 1-2.2: new high-speed USB device number 12 using xhci_hcd
[   97.294706] usb 1-2.2: USB disconnect, device number 12
[   97.734561] usb 1-2.2: new high-speed USB device number 13 using xhci_hcd
[   97.826631] usb 1-2.2: Found UVC 1.00 device LI-OV5640(FW rev:010) (2a0b:01ff)
[   97.914262] input: LI-OV5640(FW rev:010) as /devices/pci0000:00/0000:00:14.0/usb1/1-2/1-2.2/1-2.2:1.0/input/input11
[  171.891637] usb 2-1: USB disconnect, device number 3
[  172.133549] usb 1-1: new high-speed USB device number 14 using xhci_hcd
[  172.418221] usb 1-1: USB disconnect, device number 14
[  172.813685] usb 2-1: new SuperSpeed USB device number 4 using xhci_hcd
[  172.826403] usb 2-1: LPM exit latency is zeroed, disabling LPM.
[  172.828974] usb 2-1: Found UVC 1.00 device LI-OV5640(FW rev:022) (2a0b:01ff)
[  172.916644] input: LI-OV5640(FW rev:022) as /devices/pci0000:00/0000:00:14.0/usb2/2-1/2-1:1.0/input/input12
[  173.582778] usb 1-2.2: USB disconnect, device number 13
[  173.837501] usb 1-2.2: new high-speed USB device number 15 using xhci_hcd
[  174.094655] usb 1-2.2: USB disconnect, device number 15
[  174.534513] usb 1-2.2: new high-speed USB device number 16 using xhci_hcd
[  174.626179] usb 1-2.2: Found UVC 1.00 device LI-OV5640(FW rev:010) (2a0b:01ff)
[  174.713901] input: LI-OV5640(FW rev:010) as /devices/pci0000:00/0000:00:14.0/usb1/1-2/1-2.2/1-2.2:1.0/input/input13
[  194.421704] usb 1-4: USB disconnect, device number 5
